exports[`test writes dependency pins for all import styles 1`] = `
"
    import v from \"mod1\"; // undefined
    import * as ns from \"mod2\"; // undefined
    import {x} from \"mod3\"; // undefined
    import {x as v} from \"mod4\"; // undefined
    import \"mod5\"; // undefined

    export {x} from \"mod6\"; // undefined
    export {x as v} from \"mod7\"; // undefined
    export * from \"mod8\"; // undefined

    export default 7;
    export const value = 6;
    const otherValue = 5;
    export { otherValue }

  "
`;

exports[`test writes versions for imported modules 1`] = `
"
    import base64 from \'base64\'; // undefined
    import debounce from \'lodash/debounce\'; // undefined
    import { connect } from \'react-redux\';
  "
`;

exports[`test writes versions for required modules 1`] = `
"
    const base64 = require(\'base64\') // undefined;
    const debounce = require(\'lodash/debounce\') // undefined;
    const { connect } = require(\'react-redux\');
  "
`;

exports[`test writes versions for required modules with backticks 1`] = `
"
    const base64 = require(\`base64\`) // undefined;
    const debounce = require(\`lodash/debounce\`) // undefined;
    const { connect } = require(\`react-redux\`);
  "
`;
